[pacotesecretobrasil.online/index.html]
[backblue.gif]
[fade.gif]
[index.html]
[cdn.utmify.com.br/scripts/pixel/pixel.js]
[pacotesecr2hdv.arktrix.com/pacotebrasil/images/549917-556d4cdf5219202ca92caf68309b0585.png]
[pacotesecr2hdv.arktrix.com/pacotebrasil/images/549917-dd29f27f840a5cbdd5a53847c1a93281.png]
[pacotesecr2hdv.arktrix.com/pacotebrasil/images/549917-4bda972301aad9f6418ae3afcc83cca8.png]
[pacotesecr2hdv.arktrix.com/pacotebrasil/images/549917-2b45ce365108011af24853e085e99fa4.png]
[pacotesecr2hdv.arktrix.com/pacotebrasil/images/549917-306f255de7f331e2deed6848353c02a5.png]
[pacotesecr2hdv.arktrix.com/pacotebrasil/images/549917-744c084e4bbae415b87614229e7968b0.png]
[pacotesecr2hdv.arktrix.com/pacotebrasil/images/549917-a5aecd9394fd09938bbe0117e5406a93.png]
[pacotesecr2hdv.arktrix.com/pacotebrasil/images/549917-ada1b4ea68ba19d71310520ffa123f25.png]
[pacotesecr2hdv.arktrix.com/pacotebrasil/images/549917-6b0c17049d08d4c6b900b56c23f064d8.png]
[pacotesecr2hdv.arktrix.com/pacotebrasil/images/549917-7a2a7cba854d45ad91c4f11d4a1e36ba.jpg]
[pacotesecr2hdv.arktrix.com/pacotebrasil/images/549917-7b6b532343aa6ec3c27dc4c060ebc2e1.jpg]
[pacotesecr2hdv.arktrix.com/pacotebrasil/images/549917-d2c0e213fe9722fa5a0dfcb5bfea5862.png]
[pacotesecr2hdv.arktrix.com/pacotebrasil/images/549917-6ec4bdfe462c6003a6ebc5ab65a5357a.png]
[pacotesecr2hdv.arktrix.com/pacotebrasil/images/549917-4fe445f7d696e4524693e6049f561f86.png]
[pacotesecr2hdv.arktrix.com/pacotebrasil/images/549917-ee28c751e3ea26a233557e4b6f091b89.png]
[pacotesecr2hdv.arktrix.com/pacotebrasil/images/549917-7d817c270f9ab6bdb15b5f4ac433a4cb.png]
[pacotesecr2hdv.arktrix.com/pacotebrasil/images/549917-f57f9d258ec6f06526eb1a09ee476b7b.png]
[pacotesecr2hdv.arktrix.com/pacotebrasil/images/549917-a988db5c12f8fdc86aa17aaaca1787f6.png]
[pacotesecr2hdv.arktrix.com/pacotebrasil/images/549917-8b381324d08e512cb5ff2c4dc002b6f0.png]
[pacotesecr2hdv.arktrix.com/pacotebrasil/images/549917-3e717102cbd4ebc3199aa11679f9be80.png]
[pacotesecr2hdv.arktrix.com/pacotebrasil/images/549917-7b7212e78fd752c1c8ab648539f2984b.png]
[pacotesecr2hdv.arktrix.com/pacotebrasil/images/549917-0065afa089d00616a683dbf35433895c.png]
[pacotesecr2hdv.arktrix.com/pacotebrasil/images/549917-3cec3a5b7b774f5c668f0f66083f2820.png]
[pacotesecr2hdv.arktrix.com/pacotebrasil/images/549917-9b4029c6ff9da264d5895325d89b2b29.png]
[pacotesecr2hdv.arktrix.com/pacotebrasil/images/549917-584667c77dd64040ce878e01483a34ce.png]
[pacotesecr2hdv.arktrix.com/pacotebrasil/images/549917-42770329d090eaf53fd4f3a952566abf.png]
[cdn.utmify.com.br/scripts/utms/latest.js]
[pacotesecr2hdv.arktrix.com/pacotebrasil/css/css.css]
[pacotesecr2hdv.arktrix.com/pacotebrasil/js/js.js]
[pages.greatpages.com.br/www.pacotesecreto.online-pacotesecretobrasil/1775074364/css.1e.delayed]
[pages.greatpages.com.br/www.pacotesecreto.online-pacotesecretobrasil/1775074364/js.js]
[connect.facebook.net/en_US/fbevents.js]
[pacotesecretobrasil.online/index.html]
[pacotesecr2hdv.arktrix.com/pacotebrasil/css/css.css]
[pages.greatpages.com.br/www.pacotesecreto.online-pacotesecretobrasil/1775074364/css.html]
[pages.greatpages.com.br/www.pacotesecreto.online-pacotesecretobrasil/1775074364/js.html]
[analytics.tiktok.com/i18n/pixel/events.js]
[pacotesecretobrasil.online/signals/config/index.html]
[pacotesecretobrasil.online/t.22.delayed]
[pacotesecretobrasil.online/e.23.delayed]
[pacotesecretobrasil.online/schema.org/index.html]
[pacotesecretobrasil.online/t.24.delayed]
[pacotesecretobrasil.online/signals/plugins/index.html]
[pacotesecretobrasil.online/o.25.delayed]
[pacotesecretobrasil.online/signals/iwl.26.delayed]
[pacotesecretobrasil.online/signals/iwl.270fc5.delayed]
[pacotesecretobrasil.online/n.28.delayed]
[pacotesecretobrasil.online/n.29.delayed]
[connect.facebook.net/en_US/fbevents.js]
[pacotesecretobrasil.online/signals/config/index.html]
[pacotesecretobrasil.online/t.html]
[pacotesecretobrasil.online/e.html]
[pacotesecretobrasil.online/signals/plugins/index.html]
[pacotesecretobrasil.online/schema.org/index.html]
[pacotesecretobrasil.online/t.resolvedLink]
[pacotesecretobrasil.online/o.html]
[pacotesecretobrasil.online/signals/iwl.js]
[pacotesecretobrasil.online/signals/iwl0fc5.js]
[pacotesecretobrasil.online/n.dl]
[pacotesecretobrasil.online/n.rl]
